
┌─────────────────────────────────────────────────────────────────┐
│  Financial Hub MCP — Live Integration Tests                     │
└─────────────────────────────────────────────────────────────────┘

SEC EDGAR (data.sec.gov)

  search_companies('Apple') ... ✅  [{"name":"Apple Inc.","ticker":"AAPL","cik":320193},{"name":"Apple Hospitality REIT, Inc.","ticker":"APLE","cik":1418121...
  search_companies('MSFT') ... ✅  [{"name":"MICROSOFT CORP","ticker":"MSFT","cik":789019}]...
  get_company_filings(320193, '10-K') ... ✅  {"cik":"0000320193","entityType":"operating","name":"Apple Inc.","tickers":["AAPL"],"exchanges":["Nasdaq"],"sic":"3571",...
  get_financial_metric(320193, 'Revenues') ... ✅  {"cik":320193,"taxonomy":"us-gaap","tag":"Revenues","label":"Revenues","description":"Amount of revenue recognized from ...
  get_financial_metric(320193, 'NetIncomeLoss') ... ✅  {"cik":320193,"taxonomy":"us-gaap","tag":"NetIncomeLoss","label":"Net Income (Loss) Attributable to Parent","description...
  get_company_facts(789019) [Microsoft] ... ✅  {"taxonomies":["dei","us-gaap"],"tagCount":543}...
  search_filings('artificial intelligence', '10-K') ... ✅  [{"companyName":"","ticker":"","form":"","filingDate":"2021-06-01","description":"INSIDER TRADING POLICY"},{"companyName...

FRED (api.stlouisfed.org)

  search_economic_data('GDP') ... ✅  [{"id":"GFDEGDQ188S","title":"Federal Debt: Total Public Debt as Percent of Gross Domestic Product","frequency":"Quarter...
  get_economic_data('UNRATE') ... ✅  {"series":{"id":"UNRATE","title":"Unemployment Rate","frequency":"Monthly","units":"Percent","seasonalAdjustment":"Seaso...
  get_economic_data('CPIAUCSL') ... ✅  {"series":{"id":"CPIAUCSL","title":"Consumer Price Index for All Urban Consumers: All Items in U.S. City Average","frequ...
  get_economic_data('FEDFUNDS') ... ✅  {"series":{"id":"FEDFUNDS","title":"Federal Funds Effective Rate","frequency":"Monthly","units":"Percent","seasonalAdjus...
  get_economic_data('DGS10') ... ✅  {"series":{"id":"DGS10","title":"Market Yield on U.S. Treasury Securities at 10-Year Constant Maturity, Quoted on an Inv...

───────────────────────────────────────────────────────────────────
  Results: 12 passed, 0 failed (12 total)
───────────────────────────────────────────────────────────────────

